Archive member included because of file (symbol)

/usr/local/lib64/SimplicityStudio_v4/developer/toolchains/gnu_arm/4.9_2015q3/bin/../lib/gcc/arm-none-eabi/4.9.3/armv6-m/libgcc.a(_thumb1_case_uqi.o)
                              ./emlib/em_cmu.o (__gnu_thumb1_case_uqi)
/usr/local/lib64/SimplicityStudio_v4/developer/toolchains/gnu_arm/4.9_2015q3/bin/../lib/gcc/arm-none-eabi/4.9.3/armv6-m/libgcc.a(_udivsi3.o)
                              ./Drivers/capsense.o (__aeabi_uidiv)
/usr/local/lib64/SimplicityStudio_v4/developer/toolchains/gnu_arm/4.9_2015q3/bin/../lib/gcc/arm-none-eabi/4.9.3/armv6-m/libgcc.a(_divsi3.o)
                              ./Graphics/glib_line.o (__aeabi_idiv)
/usr/local/lib64/SimplicityStudio_v4/developer/toolchains/gnu_arm/4.9_2015q3/bin/../lib/gcc/arm-none-eabi/4.9.3/armv6-m/libgcc.a(_dvmd_tls.o)
                              /usr/local/lib64/SimplicityStudio_v4/developer/toolchains/gnu_arm/4.9_2015q3/bin/../lib/gcc/arm-none-eabi/4.9.3/armv6-m/libgcc.a(_udivsi3.o) (__aeabi_idiv0)
/usr/local/lib64/SimplicityStudio_v4/developer/toolchains/gnu_arm/4.9_2015q3/bin/../lib/gcc/arm-none-eabi/4.9.3/armv6-m/libgcc.a(_clzsi2.o)
                              ./emlib/em_cmu.o (__clzsi2)
/usr/local/lib64/SimplicityStudio_v4/developer/toolchains/gnu_arm/4.9_2015q3/bin/../lib/gcc/arm-none-eabi/4.9.3/armv6-m/libgcc.a(_aeabi_uldivmod.o)
                              ./emlib/em_usart.o (__aeabi_uldivmod)
/usr/local/lib64/SimplicityStudio_v4/developer/toolchains/gnu_arm/4.9_2015q3/bin/../lib/gcc/arm-none-eabi/4.9.3/armv6-m/libgcc.a(_muldi3.o)
                              ./emlib/em_usart.o (__aeabi_lmul)
/usr/local/lib64/SimplicityStudio_v4/developer/toolchains/gnu_arm/4.9_2015q3/bin/../lib/gcc/arm-none-eabi/4.9.3/armv6-m/libgcc.a(bpabi.o)
                              /usr/local/lib64/SimplicityStudio_v4/developer/toolchains/gnu_arm/4.9_2015q3/bin/../lib/gcc/arm-none-eabi/4.9.3/armv6-m/libgcc.a(_aeabi_uldivmod.o) (__gnu_uldivmod_helper)
/usr/local/lib64/SimplicityStudio_v4/developer/toolchains/gnu_arm/4.9_2015q3/bin/../lib/gcc/arm-none-eabi/4.9.3/armv6-m/libgcc.a(_divdi3.o)
                              /usr/local/lib64/SimplicityStudio_v4/developer/toolchains/gnu_arm/4.9_2015q3/bin/../lib/gcc/arm-none-eabi/4.9.3/armv6-m/libgcc.a(bpabi.o) (__divdi3)
/usr/local/lib64/SimplicityStudio_v4/developer/toolchains/gnu_arm/4.9_2015q3/bin/../lib/gcc/arm-none-eabi/4.9.3/armv6-m/libgcc.a(_udivdi3.o)
                              /usr/local/lib64/SimplicityStudio_v4/developer/toolchains/gnu_arm/4.9_2015q3/bin/../lib/gcc/arm-none-eabi/4.9.3/armv6-m/libgcc.a(bpabi.o) (__udivdi3)
/usr/local/lib64/SimplicityStudio_v4/developer/toolchains/gnu_arm/4.9_2015q3/bin/../lib/gcc/arm-none-eabi/4.9.3/armv6-m/libgcc.a(_clzdi2.o)
                              /usr/local/lib64/SimplicityStudio_v4/developer/toolchains/gnu_arm/4.9_2015q3/bin/../lib/gcc/arm-none-eabi/4.9.3/armv6-m/libgcc.a(_divdi3.o) (__clzdi2)
/usr/local/lib64/SimplicityStudio_v4/developer/toolchains/gnu_arm/4.9_2015q3/bin/../lib/gcc/arm-none-eabi/4.9.3/../../../../arm-none-eabi/lib/armv6-m/libc_nano.a(lib_a-ctype_.o)
                              ./Drivers/textdisplay.o (__ctype_ptr__)
/usr/local/lib64/SimplicityStudio_v4/developer/toolchains/gnu_arm/4.9_2015q3/bin/../lib/gcc/arm-none-eabi/4.9.3/../../../../arm-none-eabi/lib/armv6-m/libc_nano.a(lib_a-exit.o)
                              /usr/local/lib64/SimplicityStudio_v4/developer/toolchains/gnu_arm/4.9_2015q3/bin/../lib/gcc/arm-none-eabi/4.9.3/../../../../arm-none-eabi/lib/armv6-m/crt0.o (exit)
/usr/local/lib64/SimplicityStudio_v4/developer/toolchains/gnu_arm/4.9_2015q3/bin/../lib/gcc/arm-none-eabi/4.9.3/../../../../arm-none-eabi/lib/armv6-m/libc_nano.a(lib_a-fileno.o)
                              ./Drivers/retargetio.o (fileno)
/usr/local/lib64/SimplicityStudio_v4/developer/toolchains/gnu_arm/4.9_2015q3/bin/../lib/gcc/arm-none-eabi/4.9.3/../../../../arm-none-eabi/lib/armv6-m/libc_nano.a(lib_a-findfp.o)
                              /usr/local/lib64/SimplicityStudio_v4/developer/toolchains/gnu_arm/4.9_2015q3/bin/../lib/gcc/arm-none-eabi/4.9.3/../../../../arm-none-eabi/lib/armv6-m/libc_nano.a(lib_a-fileno.o) (__sinit)
/usr/local/lib64/SimplicityStudio_v4/developer/toolchains/gnu_arm/4.9_2015q3/bin/../lib/gcc/arm-none-eabi/4.9.3/../../../../arm-none-eabi/lib/armv6-m/libc_nano.a(lib_a-fwalk.o)
                              /usr/local/lib64/SimplicityStudio_v4/developer/toolchains/gnu_arm/4.9_2015q3/bin/../lib/gcc/arm-none-eabi/4.9.3/../../../../arm-none-eabi/lib/armv6-m/libc_nano.a(lib_a-findfp.o) (_fwalk)
/usr/local/lib64/SimplicityStudio_v4/developer/toolchains/gnu_arm/4.9_2015q3/bin/../lib/gcc/arm-none-eabi/4.9.3/../../../../arm-none-eabi/lib/armv6-m/libc_nano.a(lib_a-impure.o)
                              /usr/local/lib64/SimplicityStudio_v4/developer/toolchains/gnu_arm/4.9_2015q3/bin/../lib/gcc/arm-none-eabi/4.9.3/../../../../arm-none-eabi/lib/armv6-m/libc_nano.a(lib_a-exit.o) (_global_impure_ptr)
[...]
Memory Configuration

Name             Origin             Length             Attributes
FLASH            0x00000000         0x00008000         xr
RAM              0x20000000         0x00001000         xrw
*default*        0x00000000         0xffffffff

Linker script and memory map

LOAD /usr/local/lib64/SimplicityStudio_v4/developer/toolchains/gnu_arm/4.9_2015q3/bin/../lib/gcc/arm-none-eabi/4.9.3/armv6-m/crti.o
LOAD /usr/local/lib64/SimplicityStudio_v4/developer/toolchains/gnu_arm/4.9_2015q3/bin/../lib/gcc/arm-none-eabi/4.9.3/armv6-m/crtbegin.o
LOAD /usr/local/lib64/SimplicityStudio_v4/developer/toolchains/gnu_arm/4.9_2015q3/bin/../lib/gcc/arm-none-eabi/4.9.3/../../../../arm-none-eabi/lib/armv6-m/crt0.o
LOAD ./CMSIS/EFM32ZG/startup_gcc_efm32zg.o
LOAD ./CMSIS/EFM32ZG/system_efm32zg.o
LOAD ./Drivers/capsense.o
LOAD ./Drivers/display.o
LOAD ./Drivers/displayls013b7dh03.o
LOAD ./Drivers/displaypalemlib.o
LOAD ./Drivers/i2cspm.o
LOAD ./Drivers/microsd.o
LOAD ./Drivers/retargetio.o
LOAD ./Drivers/retargettextdisplay.o
LOAD ./Drivers/si7013.o
LOAD ./Drivers/textdisplay.o
LOAD ./Drivers/udelay.o
LOAD ./Graphics/dmd_display.o
LOAD ./Graphics/glib.o
LOAD ./Graphics/glib_bitmap.o
LOAD ./Graphics/glib_circle.o
LOAD ./Graphics/glib_font_narrow_6x8.o
LOAD ./Graphics/glib_font_normal_8x8.o
LOAD ./Graphics/glib_font_number_16x20Z_with_extra_chars.o
LOAD ./Graphics/glib_line.o
LOAD ./Graphics/glib_rectangle.o
LOAD ./Graphics/glib_string.o
LOAD ./emlib/em_acmp.o
LOAD ./emlib/em_assert.o
LOAD ./emlib/em_cmu.o
LOAD ./emlib/em_emu.o
LOAD ./emlib/em_gpio.o
LOAD ./emlib/em_i2c.o
LOAD ./emlib/em_int.o
LOAD ./emlib/em_leuart.o
LOAD ./emlib/em_pcnt.o
LOAD ./emlib/em_prs.o
LOAD ./emlib/em_rtc.o
LOAD ./emlib/em_system.o
LOAD ./emlib/em_usart.o
LOAD ./src/diskio.o
LOAD ./src/ds3231.o
LOAD ./src/ff.o
LOAD ./src/main.o
LOAD /usr/local/lib64/SimplicityStudio_v4/developer/toolchains/gnu_arm/4.9_2015q3/bin/../lib/gcc/arm-none-eabi/4.9.3/../../../../arm-none-eabi/lib/armv6-m/libm.a
START GROUP
LOAD /usr/local/lib64/SimplicityStudio_v4/developer/toolchains/gnu_arm/4.9_2015q3/bin/../lib/gcc/arm-none-eabi/4.9.3/armv6-m/libgcc.a
LOAD /usr/local/lib64/SimplicityStudio_v4/developer/toolchains/gnu_arm/4.9_2015q3/bin/../lib/gcc/arm-none-eabi/4.9.3/../../../../arm-none-eabi/lib/armv6-m/libc_nano.a
LOAD /usr/local/lib64/SimplicityStudio_v4/developer/toolchains/gnu_arm/4.9_2015q3/bin/../lib/gcc/arm-none-eabi/4.9.3/../../../../arm-none-eabi/lib/armv6-m/libnosys.a
END GROUP
START GROUP
LOAD /usr/local/lib64/SimplicityStudio_v4/developer/toolchains/gnu_arm/4.9_2015q3/bin/../lib/gcc/arm-none-eabi/4.9.3/armv6-m/libgcc.a
LOAD /usr/local/lib64/SimplicityStudio_v4/developer/toolchains/gnu_arm/4.9_2015q3/bin/../lib/gcc/arm-none-eabi/4.9.3/../../../../arm-none-eabi/lib/armv6-m/libg_nano.a
LOAD /usr/local/lib64/SimplicityStudio_v4/developer/toolchains/gnu_arm/4.9_2015q3/bin/../lib/gcc/arm-none-eabi/4.9.3/../../../../arm-none-eabi/lib/armv6-m/libc_nano.a
END GROUP
START GROUP
LOAD /usr/local/lib64/SimplicityStudio_v4/developer/toolchains/gnu_arm/4.9_2015q3/bin/../lib/gcc/arm-none-eabi/4.9.3/armv6-m/libgcc.a
LOAD /usr/local/lib64/SimplicityStudio_v4/developer/toolchains/gnu_arm/4.9_2015q3/bin/../lib/gcc/arm-none-eabi/4.9.3/../../../../arm-none-eabi/lib/armv6-m/libc_nano.a
END GROUP
LOAD /usr/local/lib64/SimplicityStudio_v4/developer/toolchains/gnu_arm/4.9_2015q3/bin/../lib/gcc/arm-none-eabi/4.9.3/armv6-m/crtend.o
LOAD /usr/local/lib64/SimplicityStudio_v4/developer/toolchains/gnu_arm/4.9_2015q3/bin/../lib/gcc/arm-none-eabi/4.9.3/armv6-m/crtn.o

.text           0x00000000     0x528c
 *(.vectors)
 .vectors       0x00000000       0x8c ./CMSIS/EFM32ZG/startup_gcc_efm32zg.o
                0x00000000                __Vectors
                0x0000008c                __Vectors_End = .
                0x0000008c                __Vectors_Size = (__Vectors_End - __Vectors)
                0x0000008c                __end__ = .
 *(.text*)
 .text          0x0000008c       0x60 /usr/local/lib64/SimplicityStudio_v4/developer/toolchains/gnu_arm/4.9_2015q3/bin/../lib/gcc/arm-none-eabi/4.9.3/armv6-m/crtbegin.o
 .text          0x000000ec       0x78 /usr/local/lib64/SimplicityStudio_v4/developer/toolchains/gnu_arm/4.9_2015q3/bin/../lib/gcc/arm-none-eabi/4.9.3/../../../../arm-none-eabi/lib/armv6-m/crt0.o
                0x000000ec                _mainCRTStartup
                0x000000ec                _start
 .text          0x00000164       0x30 ./CMSIS/EFM32ZG/startup_gcc_efm32zg.o
                0x00000164                Reset_Handler
                0x00000190                I2C0_IRQHandler
                0x00000190                HardFault_Handler
                0x00000190                SysTick_Handler
                0x00000190                USART1_RX_IRQHandler
                0x00000190                PendSV_Handler
                0x00000190                NMI_Handler
                0x00000190                USART1_TX_IRQHandler
                0x00000190                MSC_IRQHandler
                0x00000190                ADC0_IRQHandler
                0x00000190                LEUART0_IRQHandler
                0x00000190                RTC_IRQHandler
                0x00000190                TIMER1_IRQHandler
                0x00000190                Default_Handler
                0x00000190                PCNT0_IRQHandler
                0x00000190                ACMP0_IRQHandler
                0x00000190                SVC_Handler
                0x00000190                CMU_IRQHandler
                0x00000190                AES_IRQHandler
                0x00000190                VCMP_IRQHandler
                0x00000190                DMA_IRQHandler
 .text.SystemMaxCoreClockGet
                0x00000194        0x8 ./CMSIS/EFM32ZG/system_efm32zg.o
                0x00000194                SystemMaxCoreClockGet
 .text.SystemHFClockGet
                0x0000019c       0x9c ./CMSIS/EFM32ZG/system_efm32zg.o
                0x0000019c                SystemHFClockGet
 .text.SystemCoreClockGet
                0x00000238       0x20 ./CMSIS/EFM32ZG/system_efm32zg.o
                0x00000238                SystemCoreClockGet
 .text.SystemInit
                0x00000258        0x2 ./CMSIS/EFM32ZG/system_efm32zg.o
                0x00000258                SystemInit
 .text.SystemLFRCOClockGet
                0x0000025a        0x6 ./CMSIS/EFM32ZG/system_efm32zg.o
                0x0000025a                SystemLFRCOClockGet
 .text.SystemULFRCOClockGet
                0x00000260        0x6 ./CMSIS/EFM32ZG/system_efm32zg.o
                0x00000260                SystemULFRCOClockGet
 *fill*         0x00000266        0x2 
 .text.SystemLFXOClockGet
                0x00000268        0xc ./CMSIS/EFM32ZG/system_efm32zg.o
                0x00000268                SystemLFXOClockGet
 .text.TIMER0_IRQHandler
                0x00000274       0x4c ./Drivers/capsense.o
                0x00000274                TIMER0_IRQHandler
 .text.CAPSENSE_getPressed
                0x000002c0       0x20 ./Drivers/capsense.o
                0x000002c0                CAPSENSE_getPressed
 .text.CAPSENSE_Sense
                0x000002e0       0x7c ./Drivers/capsense.o
                0x000002e0                CAPSENSE_Sense
 .text.CAPSENSE_Init
                0x0000035c       0xb0 ./Drivers/capsense.o
                0x0000035c                CAPSENSE_Init
 .text.DISPLAY_Init
                0x0000040c       0x2c ./Drivers/display.o
                0x0000040c                DISPLAY_Init
 .text.DISPLAY_DeviceGet
                0x00000438       0x3c ./Drivers/display.o
                0x00000438                DISPLAY_DeviceGet
 .text.DISPLAY_DeviceRegister
                0x00000474       0x44 ./Drivers/display.o
                0x00000474                DISPLAY_DeviceRegister
 .text.PixelMatrixAllocate
                0x000004b8       0x3c ./Drivers/displayls013b7dh03.o
 .text.PixelMatrixFree
                0x000004f4        0x8 ./Drivers/displayls013b7dh03.o
 .text.DriverRefresh
                0x000004fc        0xe ./Drivers/displayls013b7dh03.o
 .text.PixelMatrixClear
                0x0000050a       0x20 ./Drivers/displayls013b7dh03.o
 .text.PixelMatrixDraw
                0x0000052a       0x76 ./Drivers/displayls013b7dh03.o
 .text.DisplayEnable.part.0
                0x000005a0       0x14 ./Drivers/displayls013b7dh03.o
 .text.DisplayEnable
                0x000005b4       0x20 ./Drivers/displayls013b7dh03.o
 .text.DISPLAY_Ls013b7dh03Init
                0x000005d4       0xec ./Drivers/displayls013b7dh03.o
                0x000005d4                DISPLAY_Ls013b7dh03Init
 .text.PAL_SpiInit
                0x000006c0       0x44 ./Drivers/displaypalemlib.o
                0x000006c0                PAL_SpiInit
 .text.PAL_SpiTransmit
                0x00000704       0x40 ./Drivers/displaypalemlib.o
                0x00000704                PAL_SpiTransmit
 .text.PAL_TimerInit
                0x00000744        0xa ./Drivers/displaypalemlib.o
                0x00000744                PAL_TimerInit
 .text.PAL_TimerMicroSecondsDelay
                0x0000074e        0xa ./Drivers/displaypalemlib.o
                0x0000074e                PAL_TimerMicroSecondsDelay
 .text.PAL_GpioInit
                0x00000758       0x14 ./Drivers/displaypalemlib.o
                0x00000758                PAL_GpioInit
 .text.PAL_GpioPinModeSet
                0x0000076c       0x1c ./Drivers/displaypalemlib.o
                0x0000076c                PAL_GpioPinModeSet
 .text.PAL_GpioPinOutSet
                0x00000788       0x1c ./Drivers/displaypalemlib.o
                0x00000788                PAL_GpioPinOutSet
 .text.PAL_GpioPinOutClear
                0x000007a4       0x1c ./Drivers/displaypalemlib.o
                0x000007a4                PAL_GpioPinOutClear
 .text.PAL_GpioPinAutoToggle
                0x000007c0       0xc8 ./Drivers/displaypalemlib.o
                0x000007c0                PAL_GpioPinAutoToggle
 .text.I2CSPM_Init
                0x00000888       0x94 ./Drivers/i2cspm.o
                0x00000888                I2CSPM_Init
 .text.I2CSPM_Transfer
                0x0000091c       0x24 ./Drivers/i2cspm.o
                0x0000091c                I2CSPM_Transfer
 .text.MICROSD_Init
                0x00000940       0x98 ./Drivers/microsd.o
                0x00000940                MICROSD_Init
 .text.MICROSD_XferSpi
                0x000009d8       0x20 ./Drivers/microsd.o
                0x000009d8                MICROSD_XferSpi
 .text.WaitReady
                0x000009f8       0x24 ./Drivers/microsd.o
 .text.MICROSD_Deselect
                0x00000a1c       0x18 ./Drivers/microsd.o
                0x00000a1c                MICROSD_Deselect
 .text.MICROSD_Select
                0x00000a34       0x24 ./Drivers/microsd.o
                0x00000a34                MICROSD_Select
 .text.MICROSD_PowerOn
                0x00000a58       0x10 ./Drivers/microsd.o
                0x00000a58                MICROSD_PowerOn
 .text.MICROSD_PowerOff
                0x00000a68       0x18 ./Drivers/microsd.o
                0x00000a68                MICROSD_PowerOff
 .text.MICROSD_BlockRx
                0x00000a80       0xa4 ./Drivers/microsd.o
                0x00000a80                MICROSD_BlockRx
 .text.MICROSD_BlockTx
                0x00000b24       0xbc ./Drivers/microsd.o
                0x00000b24                MICROSD_BlockTx
 .text.MICROSD_SendCmd
                0x00000be0       0x80 ./Drivers/microsd.o
                0x00000be0                MICROSD_SendCmd
 .text.MICROSD_SpiClkSlow
                0x00000c60       0x20 ./Drivers/microsd.o
                0x00000c60                MICROSD_SpiClkSlow
 .text.MICROSD_SpiClkFast
                0x00000c80       0x24 ./Drivers/microsd.o
                0x00000c80                MICROSD_SpiClkFast
 .text.MICROSD_TimeOutSet
                0x00000ca4       0x14 ./Drivers/microsd.o
                0x00000ca4                MICROSD_TimeOutSet
 .text.MICROSD_TimeOutElapsed
                0x00000cb8       0x10 ./Drivers/microsd.o
                0x00000cb8                MICROSD_TimeOutElapsed
 .text._exit    0x00000cc8        0x2 ./Drivers/retargetio.o
                0x00000cc8                _exit
 .text.Si7013_Measure
                0x00000cca       0x46 ./Drivers/si7013.o
 .text.Si7013_MeasureRHAndTemp
                0x00000d10       0x5c ./Drivers/si7013.o
                0x00000d10                Si7013_MeasureRHAndTemp
 .text.UDELAY_Calibrate
                0x00000d6c      0x1c8 ./Drivers/udelay.o
                0x00000d6c                UDELAY_Calibrate
 .text.UDELAY_Delay
                0x00000f34       0x28 ./Drivers/udelay.o
                0x00000f34                UDELAY_Delay
 .text.DMD_getDisplayGeometry
                0x00000f5c       0x1c ./Graphics/dmd_display.o
                0x00000f5c                DMD_getDisplayGeometry
 .text.DMD_setClippingArea
                0x00000f78       0x40 ./Graphics/dmd_display.o
                0x00000f78                DMD_setClippingArea
 .text.DMD_writeColor
                0x00000fb8      0x160 ./Graphics/dmd_display.o
                0x00000fb8                DMD_writeColor
 .text.DMD_allocateFramebuffer
                0x00001118       0x38 ./Graphics/dmd_display.o
                0x00001118                DMD_allocateFramebuffer
 .text.DMD_init
                0x00001150       0x78 ./Graphics/dmd_display.o
                0x00001150                DMD_init
 .text.DMD_updateDisplay
                0x000011c8       0xa0 ./Graphics/dmd_display.o
                0x000011c8                DMD_updateDisplay
 .text.GLIB_setClippingRegion
                0x00001268       0x6a ./Graphics/glib.o
                0x00001268                GLIB_setClippingRegion
 *fill*         0x000012d2        0x2 
 .text.GLIB_contextInit
                0x000012d4       0x44 ./Graphics/glib.o
                0x000012d4                GLIB_contextInit
 .text.GLIB_resetDisplayClippingArea
                0x00001318       0x1a ./Graphics/glib.o
                0x00001318                GLIB_resetDisplayClippingArea
 .text.GLIB_clear
                0x00001332       0x36 ./Graphics/glib.o
                0x00001332                GLIB_clear
 .text.GLIB_colorTranslate24bpp
                0x00001368        0xe ./Graphics/glib.o
                0x00001368                GLIB_colorTranslate24bpp
 .text.GLIB_drawPixel
                0x00001376       0x38 ./Graphics/glib.o
                0x00001376                GLIB_drawPixel
 .text.GLIB_drawPixelColor
                0x000013ae       0x36 ./Graphics/glib.o
                0x000013ae                GLIB_drawPixelColor
 .text.GLIB_getClipCode
                0x000013e4       0x30 ./Graphics/glib_line.o
 .text.GLIB_drawLineH
                0x00001414       0x7a ./Graphics/glib_line.o
                0x00001414                GLIB_drawLineH
 .text.GLIB_drawLineV
                0x0000148e       0xae ./Graphics/glib_line.o
                0x0000148e                GLIB_drawLineV
 .text.GLIB_drawLine
                0x0000153c      0x190 ./Graphics/glib_line.o
                0x0000153c                GLIB_drawLine
 .text.GLIB_rectContainsPoint
                0x000016cc       0x28 ./Graphics/glib_rectangle.o
                0x000016cc                GLIB_rectContainsPoint
 .text.GLIB_drawChar
                0x000016f4      0x138 ./Graphics/glib_string.o
                0x000016f4                GLIB_drawChar
 .text.GLIB_drawString
                0x0000182c       0x84 ./Graphics/glib_string.o
                0x0000182c                GLIB_drawString
 .text.GLIB_setFont
                0x000018b0       0x22 ./Graphics/glib_string.o
                0x000018b0                GLIB_setFont
 *fill*         0x000018d2        0x2 
 .text.ACMP_CapsenseInit
                0x000018d4       0x4c ./emlib/em_acmp.o
                0x000018d4                ACMP_CapsenseInit
 .text.ACMP_CapsenseChannelSet
                0x00001920        0xc ./emlib/em_acmp.o
                0x00001920                ACMP_CapsenseChannelSet
 .text.ACMP_Disable
                0x0000192c        0xa ./emlib/em_acmp.o
                0x0000192c                ACMP_Disable
 .text.ACMP_Enable
                0x00001936        0xa ./emlib/em_acmp.o
                0x00001936                ACMP_Enable
 .text.flashWaitStateControl
                0x00001940       0x3c ./emlib/em_cmu.o
 .text.flashWaitStateMax
                0x0000197c        0xc ./emlib/em_cmu.o
 .text.auxClkGet
                0x00001988       0x88 ./emlib/em_cmu.o
 .text.syncReg  0x00001a10       0x14 ./emlib/em_cmu.o
 .text.CMU_ClockDivGet
                0x00001a24       0x60 ./emlib/em_cmu.o
                0x00001a24                CMU_ClockDivGet
 .text.CMU_ClockDivSet
                0x00001a84       0xac ./emlib/em_cmu.o
                0x00001a84                CMU_ClockDivSet
 .text.CMU_ClockEnable
                0x00001b30       0x74 ./emlib/em_cmu.o
                0x00001b30                CMU_ClockEnable
 .text.CMU_ClockSelectGet
                0x00001ba4       0x9c ./emlib/em_cmu.o
                0x00001ba4                CMU_ClockSelectGet
 .text.lfClkGet
                0x00001c40       0x80 ./emlib/em_cmu.o
 .text.CMU_ClockFreqGet
                0x00001cc0       0xc4 ./emlib/em_cmu.o
                0x00001cc0                CMU_ClockFreqGet
 .text.CMU_HFRCOBandSet
                0x00001d84       0x64 ./emlib/em_cmu.o
                0x00001d84                CMU_HFRCOBandSet
 .text.CMU_OscillatorEnable
                0x00001de8       0x68 ./emlib/em_cmu.o
                0x00001de8                CMU_OscillatorEnable
 .text.CMU_ClockSelectSet
                0x00001e50       0xe0 ./emlib/em_cmu.o
                0x00001e50                CMU_ClockSelectSet
 .text.emuRestore
                0x00001f30       0x94 ./emlib/em_emu.o
 .text.EMU_EnterEM2
                0x00001fc4       0x38 ./emlib/em_emu.o
                0x00001fc4                EMU_EnterEM2
 .text.EMU_UpdateOscConfig
                0x00001ffc       0x14 ./emlib/em_emu.o
                0x00001ffc                EMU_UpdateOscConfig
 .text.GPIO_ExtIntConfig
                0x00002010       0x78 ./emlib/em_gpio.o
                0x00002010                GPIO_ExtIntConfig
 .text.GPIO_PinModeSet
                0x00002088       0x84 ./emlib/em_gpio.o
                0x00002088                GPIO_PinModeSet
 .text.I2C_BusFreqSet
                0x0000210c       0x58 ./emlib/em_i2c.o
                0x0000210c                I2C_BusFreqSet
 .text.I2C_Init
                0x00002164       0x3c ./emlib/em_i2c.o
                0x00002164                I2C_Init
 .text.I2C_Transfer
                0x000021a0      0x22c ./emlib/em_i2c.o
                0x000021a0                I2C_Transfer
 .text.I2C_TransferInit
                0x000023cc       0x70 ./emlib/em_i2c.o
                0x000023cc                I2C_TransferInit
 .text.PRS_SourceAsyncSignalSet
                0x0000243c       0x20 ./emlib/em_prs.o
                0x0000243c                PRS_SourceAsyncSignalSet
 .text.RTC_CompareSet
                0x0000245c       0x1c ./emlib/em_rtc.o
                0x0000245c                RTC_CompareSet
 .text.RTC_Enable
                0x00002478       0x14 ./emlib/em_rtc.o
                0x00002478                RTC_Enable
 .text.RTC_FreezeEnable
                0x0000248c       0x14 ./emlib/em_rtc.o
                0x0000248c                RTC_FreezeEnable
 .text.RTC_Init
                0x000024a0       0x20 ./emlib/em_rtc.o
                0x000024a0                RTC_Init
 .text.RTC_CounterReset
                0x000024c0       0x10 ./emlib/em_rtc.o
                0x000024c0                RTC_CounterReset
 .text.USART_BaudrateSyncSet
                0x000024d0       0x40 ./emlib/em_usart.o
                0x000024d0                USART_BaudrateSyncSet
 .text.USART_Reset
                0x00002510       0x3c ./emlib/em_usart.o
                0x00002510                USART_Reset
 .text.USART_InitSync
                0x0000254c       0x60 ./emlib/em_usart.o
                0x0000254c                USART_InitSync
 .text.USART_SpiTransfer
                0x000025ac       0x14 ./emlib/em_usart.o
                0x000025ac                USART_SpiTransfer
 .text.USART_Tx
                0x000025c0        0xa ./emlib/em_usart.o
                0x000025c0                USART_Tx
 .text.USART_TxDouble
                0x000025ca        0xa ./emlib/em_usart.o
                0x000025ca                USART_TxDouble
 .text.disk_initialize
                0x000025d4      0x130 ./src/diskio.o
                0x000025d4                disk_initialize
 .text.disk_status
                0x00002704       0x14 ./src/diskio.o
                0x00002704                disk_status
 .text.disk_read
                0x00002718       0x8c ./src/diskio.o
                0x00002718                disk_read
 .text.disk_write
                0x000027a4       0xa4 ./src/diskio.o
                0x000027a4                disk_write
 .text.disk_ioctl
                0x00002848      0x1ec ./src/diskio.o
                0x00002848                disk_ioctl
 .text.ds3231_GetTime
                0x00002a34       0x4a ./src/ds3231.o
                0x00002a34                ds3231_GetTime
 .text.ds3231_WriteCmdData
                0x00002a7e       0x28 ./src/ds3231.o
                0x00002a7e                ds3231_WriteCmdData
 .text.ds3231_SetTime
                0x00002aa6       0x62 ./src/ds3231.o
                0x00002aa6                ds3231_SetTime
 .text.mem_cpy  0x00002b08       0x12 ./src/ff.o
 *fill*         0x00002b1a        0x2 
 .text.mem_set  0x00002b1c       0x18 ./src/ff.o
 .text.move_window
                0x00002b34       0x6c ./src/ff.o
 .text.sync     0x00002ba0       0xf0 ./src/ff.o
 .text.check_fs
                0x00002c90       0xa4 ./src/ff.o
 .text.chk_mounted
                0x00002d34      0x320 ./src/ff.o
 .text.validate
                0x00003054       0x26 ./src/ff.o
 .text.clust2sect
                0x0000307a       0x18 ./src/ff.o
                0x0000307a                clust2sect
 .text.get_fat  0x00003092       0xd0 ./src/ff.o
                0x00003092                get_fat
 .text.dir_sdi  0x00003162       0x88 ./src/ff.o
 .text.put_fat  0x000031ea       0xf8 ./src/ff.o
                0x000031ea                put_fat
 *fill*         0x000032e2        0x2 
 .text.create_chain
                0x000032e4       0xa8 ./src/ff.o
 .text.dir_next
                0x0000338c       0xee ./src/ff.o
 *fill*         0x0000347a        0x2 
 .text.follow_path
                0x0000347c      0x1f4 ./src/ff.o
 .text.dir_register
                0x00003670       0x5c ./src/ff.o
 .text.remove_chain
                0x000036cc       0x56 ./src/ff.o
 *fill*         0x00003722        0x2 
 .text.f_mount  0x00003724       0x2c ./src/ff.o
                0x00003724                f_mount
 .text.f_open   0x00003750      0x134 ./src/ff.o
                0x00003750                f_open
 .text.f_write  0x00003884      0x1aa ./src/ff.o
                0x00003884                f_write
 .text.f_sync   0x00003a2e       0x7a ./src/ff.o
                0x00003a2e                f_sync
 .text.f_close  0x00003aa8       0x10 ./src/ff.o
                0x00003aa8                f_close
 .text.f_lseek  0x00003ab8      0x12a ./src/ff.o
                0x00003ab8                f_lseek
 .text.f_putc   0x00003be2       0x32 ./src/ff.o
                0x00003be2                f_putc
 .text.f_puts   0x00003c14       0x22 ./src/ff.o
                0x00003c14                f_puts
 .text.f_printf
                0x00003c36      0x254 ./src/ff.o
                0x00003c36                f_printf
 *fill*         0x00003e8a        0x2 
 .text.GRAPHICS_CreateString.constprop.3
                0x00003e8c       0x74 ./src/main.o
 .text.get_fattime
                0x00003f00       0x2c ./src/main.o
                0x00003f00                get_fattime
 .text.open_append
                0x00003f2c       0x24 ./src/main.o
                0x00003f2c                open_append
 .text.logToSD  0x00003f50       0xe4 ./src/main.o
                0x00003f50                logToSD
 .text.GPIO_Unified_IRQ
                0x00004034       0xd8 ./src/main.o
                0x00004034                GPIO_Unified_IRQ
 .text.GPIO_EVEN_IRQHandler
                0x0000410c        0x8 ./src/main.o
                0x0000410c                GPIO_EVEN_IRQHandler
 .text.GPIO_ODD_IRQHandler
                0x00004114        0x8 ./src/main.o
                0x00004114                GPIO_ODD_IRQHandler
 .text.digitalClockUpdate
                0x0000411c      0x200 ./src/main.o
                0x0000411c                digitalClockUpdate
 .text.startup.main
                0x0000431c      0x354 ./src/main.o
                0x0000431c                main
 .text          0x00004670       0x14 /usr/local/lib64/SimplicityStudio_v4/developer/toolchains/gnu_arm/4.9_2015q3/bin/../lib/gcc/arm-none-eabi/4.9.3/armv6-m/libgcc.a(_thumb1_case_uqi.o)
                0x00004670                __gnu_thumb1_case_uqi
 .text          0x00004684      0x120 /usr/local/lib64/SimplicityStudio_v4/developer/toolchains/gnu_arm/4.9_2015q3/bin/../lib/gcc/arm-none-eabi/4.9.3/armv6-m/libgcc.a(_udivsi3.o)
                0x00004684                __udivsi3
                0x00004684                __aeabi_uidiv
                0x00004790                __aeabi_uidivmod
 .text          0x000047a4      0x1e0 /usr/local/lib64/SimplicityStudio_v4/developer/toolchains/gnu_arm/4.9_2015q3/bin/../lib/gcc/arm-none-eabi/4.9.3/armv6-m/libgcc.a(_divsi3.o)
                0x000047a4                __aeabi_idiv
                0x000047a4                __divsi3
                0x00004970                __aeabi_idivmod
 .text          0x00004984        0x4 /usr/local/lib64/SimplicityStudio_v4/developer/toolchains/gnu_arm/4.9_2015q3/bin/../lib/gcc/arm-none-eabi/4.9.3/armv6-m/libgcc.a(_dvmd_tls.o)
                0x00004984                __aeabi_ldiv0
                0x00004984                __aeabi_idiv0
 .text          0x00004988       0x3c /usr/local/lib64/SimplicityStudio_v4/developer/toolchains/gnu_arm/4.9_2015q3/bin/../lib/gcc/arm-none-eabi/4.9.3/armv6-m/libgcc.a(_clzsi2.o)
                0x00004988                __clzsi2
 .text.exit     0x000049c4       0x2c /usr/local/lib64/SimplicityStudio_v4/developer/toolchains/gnu_arm/4.9_2015q3/bin/../lib/gcc/arm-none-eabi/4.9.3/../../../../arm-none-eabi/lib/armv6-m/libc_nano.a(lib_a-exit.o)
                0x000049c4                exit
 .text.__libc_init_array
                0x000049f0       0x4c /usr/local/lib64/SimplicityStudio_v4/developer/toolchains/gnu_arm/4.9_2015q3/bin/../lib/gcc/arm-none-eabi/4.9.3/../../../../arm-none-eabi/lib/armv6-m/libc_nano.a(lib_a-init.o)
                0x000049f0                __libc_init_array
 .text.memcpy   0x00004a3c       0x12 /usr/local/lib64/SimplicityStudio_v4/developer/toolchains/gnu_arm/4.9_2015q3/bin/../lib/gcc/arm-none-eabi/4.9.3/../../../../arm-none-eabi/lib/armv6-m/libc_nano.a(lib_a-memcpy.o)
                0x00004a3c                memcpy
 .text.memset   0x00004a4e       0x10 /usr/local/lib64/SimplicityStudio_v4/developer/toolchains/gnu_arm/4.9_2015q3/bin/../lib/gcc/arm-none-eabi/4.9.3/../../../../arm-none-eabi/lib/armv6-m/libc_nano.a(lib_a-memset.o)
                0x00004a4e                memset
 *(.init)
 *fill*         0x00004a5e        0x2 
 .init          0x00004a60        0x4 /usr/local/lib64/SimplicityStudio_v4/developer/toolchains/gnu_arm/4.9_2015q3/bin/../lib/gcc/arm-none-eabi/4.9.3/armv6-m/crti.o
                0x00004a60                _init
 .init          0x00004a64        0x8 /usr/local/lib64/SimplicityStudio_v4/developer/toolchains/gnu_arm/4.9_2015q3/bin/../lib/gcc/arm-none-eabi/4.9.3/armv6-m/crtn.o
 *(.fini)
 .fini          0x00004a6c        0x4 /usr/local/lib64/SimplicityStudio_v4/developer/toolchains/gnu_arm/4.9_2015q3/bin/../lib/gcc/arm-none-eabi/4.9.3/armv6-m/crti.o
                0x00004a6c                _fini
 .fini          0x00004a70        0x8 /usr/local/lib64/SimplicityStudio_v4/developer/toolchains/gnu_arm/4.9_2015q3/bin/../lib/gcc/arm-none-eabi/4.9.3/armv6-m/crtn.o
 *crtbegin.o(.ctors)
 *crtbegin?.o(.ctors)
 *(EXCLUDE_FILE(*crtend.o *crtend?.o) .ctors)
 *(SORT(.ctors.*))
 *(.ctors)
 *crtbegin.o(.dtors)
 *crtbegin?.o(.dtors)
 *(EXCLUDE_FILE(*crtend.o *crtend?.o) .dtors)
 *(SORT(.dtors.*))
 *(.dtors)
 *(.rodata*)
 .rodata        0x00004a78       0x14 ./Drivers/capsense.o
 .rodata.channelsInUse
                0x00004a8c        0x8 ./Drivers/capsense.o
 .rodata.str1.1
                0x00004a94       0x15 ./Drivers/displayls013b7dh03.o
 *fill*         0x00004aa9        0x3 
 .rodata        0x00004aac       0x1b ./Drivers/displaypalemlib.o
 *fill*         0x00004ac7        0x1 
 .rodata        0x00004ac8       0x18 ./Drivers/microsd.o
 .rodata        0x00004ae0        0x3 ./Drivers/udelay.o
 *fill*         0x00004ae3        0x1 
 .rodata.GLIB_FontNormal8x8
                0x00004ae4       0x10 ./Graphics/glib_font_normal_8x8.o
                0x00004ae4                GLIB_FontNormal8x8
 .rodata.GLIB_FontNormal8x8PixMap
                0x00004af4      0x320 ./Graphics/glib_font_normal_8x8.o
 .rodata.GLIB_FontNumber16x20
                0x00004e14       0x10 ./Graphics/glib_font_number_16x20Z_with_extra_chars.o
                0x00004e14                GLIB_FontNumber16x20
 .rodata.GLIB_FontNumber16x20PixMap
                0x00004e24      0x258 ./Graphics/glib_font_number_16x20Z_with_extra_chars.o
 .rodata.i2cNSum
                0x0000507c        0x4 ./emlib/em_i2c.o
 .rodata.str1.1
                0x00005080       0x43 ./src/ff.o
 *fill*         0x000050c3        0x1 
 .rodata        0x000050c4       0x18 ./src/main.o
 .rodata.str1.1
                0x000050dc      0x13e ./src/main.o
                                0x143 (size before relaxing)
 .rodata.ds3231_date_strlen
                0x0000521a        0x7 ./src/main.o
                0x0000521a                ds3231_date_strlen
 *fill*         0x00005221        0x3 
 .rodata.__sf_fake_stdin
                0x00005224       0x20 /usr/local/lib64/SimplicityStudio_v4/developer/toolchains/gnu_arm/4.9_2015q3/bin/../lib/gcc/arm-none-eabi/4.9.3/../../../../arm-none-eabi/lib/armv6-m/libc_nano.a(lib_a-findfp.o)
                0x00005224                __sf_fake_stdin
 .rodata.__sf_fake_stdout
                0x00005244       0x20 /usr/local/lib64/SimplicityStudio_v4/developer/toolchains/gnu_arm/4.9_2015q3/bin/../lib/gcc/arm-none-eabi/4.9.3/../../../../arm-none-eabi/lib/armv6-m/libc_nano.a(lib_a-findfp.o)
                0x00005244                __sf_fake_stdout
 .rodata.__sf_fake_stderr
                0x00005264       0x20 /usr/local/lib64/SimplicityStudio_v4/developer/toolchains/gnu_arm/4.9_2015q3/bin/../lib/gcc/arm-none-eabi/4.9.3/../../../../arm-none-eabi/lib/armv6-m/libc_nano.a(lib_a-findfp.o)
                0x00005264                __sf_fake_stderr
 .rodata.str1.1
                0x00000000      0x13e /usr/local/lib64/SimplicityStudio_v4/developer/toolchains/gnu_arm/4.9_2015q3/bin/../lib/gcc/arm-none-eabi/4.9.3/../../../../arm-none-eabi/lib/armv6-m/libc_nano.a(lib_a-impure.o)
                                  0x2 (size before relaxing)
 .rodata._global_impure_ptr
                0x00005284        0x4 /usr/local/lib64/SimplicityStudio_v4/developer/toolchains/gnu_arm/4.9_2015q3/bin/../lib/gcc/arm-none-eabi/4.9.3/../../../../arm-none-eabi/lib/armv6-m/libc_nano.a(lib_a-impure.o)
                0x00005284                _global_impure_ptr
 *(.eh_frame*)
 .eh_frame      0x00005288        0x0 /usr/local/lib64/SimplicityStudio_v4/developer/toolchains/gnu_arm/4.9_2015q3/bin/../lib/gcc/arm-none-eabi/4.9.3/armv6-m/crtbegin.o
 .eh_frame      0x00005288        0x4 /usr/local/lib64/SimplicityStudio_v4/developer/toolchains/gnu_arm/4.9_2015q3/bin/../lib/gcc/arm-none-eabi/4.9.3/armv6-m/crtend.o

.glue_7         0x0000528c        0x0
 .glue_7        0x00000000        0x0 linker stubs

.glue_7t        0x0000528c        0x0
 .glue_7t       0x00000000        0x0 linker stubs

.vfp11_veneer   0x0000528c        0x0
 .vfp11_veneer  0x00000000        0x0 linker stubs

.v4_bx          0x0000528c        0x0
 .v4_bx         0x00000000        0x0 linker stubs

.iplt           0x0000528c        0x0
 .iplt          0x00000000        0x0 /usr/local/lib64/SimplicityStudio_v4/developer/toolchains/gnu_arm/4.9_2015q3/bin/../lib/gcc/arm-none-eabi/4.9.3/armv6-m/crtbegin.o

.ARM.extab
 *(.ARM.extab* .gnu.linkonce.armextab.*)
                0x0000528c                __exidx_start = .

.ARM.exidx      0x0000528c        0x8
 *(.ARM.exidx* .gnu.linkonce.armexidx.*)
 .ARM.exidx     0x0000528c        0x8 /usr/local/lib64/SimplicityStudio_v4/developer/toolchains/gnu_arm/4.9_2015q3/bin/../lib/gcc/arm-none-eabi/4.9.3/../../../../arm-none-eabi/lib/armv6-m/crt0.o
                0x00005294                __exidx_end = .
                0x00005294                __etext = .

.rel.dyn        0x00005294        0x0
 .rel.iplt      0x00000000        0x0 /usr/local/lib64/SimplicityStudio_v4/developer/toolchains/gnu_arm/4.9_2015q3/bin/../lib/gcc/arm-none-eabi/4.9.3/armv6-m/crtbegin.o

.data           0x20000000       0xa8 load address 0x00005294
                0x20000000                __data_start__ = .
 *(vtable)
 *(.data*)
 .data.SystemLFXOClock
                0x20000000        0x4 ./CMSIS/EFM32ZG/system_efm32zg.o
 .data.SystemHFXOClock
                0x20000004        0x4 ./CMSIS/EFM32ZG/system_efm32zg.o
 .data.pDisplayDeviceDriverInitFunctions
                0x20000008        0x8 ./Drivers/display.o
 .data.pixelMatrixPool
                0x20000010        0x4 ./Drivers/displayls013b7dh03.o
                0x20000010                pixelMatrixPool
 .data.loops_per_jiffy
                0x20000014        0x4 ./Drivers/udelay.o
                0x20000014                loops_per_jiffy
 .data.stat     0x20000018        0x1 ./src/diskio.o
 *fill*         0x20000019        0x3 
 .data.num2str_2digits
                0x2000001c        0x4 ./src/main.o
                0x2000001c                num2str_2digits
 .data.ds3231_date_long
                0x20000020       0x1c ./src/main.o
                0x20000020                ds3231_date_long
 .data.impure_data
                0x2000003c       0x60 /usr/local/lib64/SimplicityStudio_v4/developer/toolchains/gnu_arm/4.9_2015q3/bin/../lib/gcc/arm-none-eabi/4.9.3/../../../../arm-none-eabi/lib/armv6-m/libc_nano.a(lib_a-impure.o)
                0x2000009c                . = ALIGN (0x4)
 *(.ram)
                0x2000009c                . = ALIGN (0x4)
                0x2000009c                PROVIDE (__preinit_array_start, .)
 *(.preinit_array)
                0x2000009c                PROVIDE (__preinit_array_end, .)
                0x2000009c                . = ALIGN (0x4)
                0x2000009c                PROVIDE (__init_array_start, .)
 *(SORT(.init_array.*))
 *(.init_array)
 .init_array    0x2000009c        0x4 /usr/local/lib64/SimplicityStudio_v4/developer/toolchains/gnu_arm/4.9_2015q3/bin/../lib/gcc/arm-none-eabi/4.9.3/armv6-m/crtbegin.o
                0x200000a0                PROVIDE (__init_array_end, .)
                0x200000a0                . = ALIGN (0x4)
                0x200000a0                PROVIDE (__fini_array_start, .)
 *(SORT(.fini_array.*))
 *(.fini_array)
 .fini_array    0x200000a0        0x4 /usr/local/lib64/SimplicityStudio_v4/developer/toolchains/gnu_arm/4.9_2015q3/bin/../lib/gcc/arm-none-eabi/4.9.3/armv6-m/crtbegin.o
                0x200000a4                PROVIDE (__fini_array_end, .)
 *(.jcr*)
 .jcr           0x200000a4        0x0 /usr/local/lib64/SimplicityStudio_v4/developer/toolchains/gnu_arm/4.9_2015q3/bin/../lib/gcc/arm-none-eabi/4.9.3/armv6-m/crtbegin.o
 .jcr           0x200000a4        0x4 /usr/local/lib64/SimplicityStudio_v4/developer/toolchains/gnu_arm/4.9_2015q3/bin/../lib/gcc/arm-none-eabi/4.9.3/armv6-m/crtend.o
                0x200000a8                . = ALIGN (0x4)
                0x200000a8                __data_end__ = .

.igot.plt       0x200000a8        0x0 load address 0x0000533c
 .igot.plt      0x00000000        0x0 /usr/local/lib64/SimplicityStudio_v4/developer/toolchains/gnu_arm/4.9_2015q3/bin/../lib/gcc/arm-none-eabi/4.9.3/armv6-m/crtbegin.o

.bss            0x200000a8      0xb0c load address 0x0000533c
                0x200000a8                . = ALIGN (0x4)
                0x200000a8                __bss_start__ = .
 *(.bss*)
 .bss           0x200000a8       0x1c /usr/local/lib64/SimplicityStudio_v4/developer/toolchains/gnu_arm/4.9_2015q3/bin/../lib/gcc/arm-none-eabi/4.9.3/armv6-m/crtbegin.o
 .bss.currentChannel
                0x200000c4        0x1 ./Drivers/capsense.o
 *fill*         0x200000c5        0x3 
 .bss.channelValues
                0x200000c8       0x20 ./Drivers/capsense.o
 .bss.channelMaxValues
                0x200000e8       0x20 ./Drivers/capsense.o
 .bss.measurementComplete
                0x20000108        0x1 ./Drivers/capsense.o
 *fill*         0x20000109        0x3 
 .bss.devicesRegistered
                0x2000010c        0x4 ./Drivers/display.o
 .bss.deviceTable
                0x20000110       0x2c ./Drivers/display.o
 .bss.moduleInitialized
                0x2000013c        0x1 ./Drivers/display.o
 *fill*         0x2000013d        0x3 
 .bss.xfersPrMsec
                0x20000140        0x4 ./Drivers/microsd.o
 .bss.timeOut   0x20000144        0x4 ./Drivers/microsd.o
 .bss.pixelMatrixBuffer
                0x20000148        0x4 ./Graphics/dmd_display.o
                0x20000148                pixelMatrixBuffer
 .bss.displayDevice
                0x2000014c       0x2c ./Graphics/dmd_display.o
 .bss.dimensions
                0x20000178        0xc ./Graphics/dmd_display.o
 .bss.moduleInitialized
                0x20000184        0x1 ./Graphics/dmd_display.o
 *fill*         0x20000185        0x3 
 .bss.cmuStatus
                0x20000188        0x4 ./emlib/em_emu.o
 .bss.i2cTransfer
                0x2000018c        0xc ./emlib/em_i2c.o
 .bss.INT_LockCnt
                0x20000198        0x4 ./emlib/em_int.o
                0x20000198                INT_LockCnt
 .bss.CardType  0x2000019c        0x2 ./src/diskio.o
 .bss.Fsid      0x2000019e        0x2 ./src/ff.o
 .bss.FatFs     0x200001a0        0x4 ./src/ff.o
 .bss.update    0x200001a4        0x4 ./src/main.o
 .bss.adjust_time_mode
                0x200001a8        0x1 ./src/main.o
 *fill*         0x200001a9        0x3 
 .bss.tempData  0x200001ac        0x4 ./src/main.o
                0x200001ac                tempData
 .bss.rhData    0x200001b0        0x4 ./src/main.o
                0x200001b0                rhData
 .bss.irqCounter
                0x200001b4        0x4 ./src/main.o
                0x200001b4                irqCounter
 .bss.local_time
                0x200001b8        0x7 ./src/main.o
                0x200001b8                local_time
 *fill*         0x200001bf        0x1 
 .bss.ramBufferWrite
                0x200001c0        0x4 ./src/main.o
                0x200001c0                ramBufferWrite
 *(COMMON)
 COMMON         0x200001c4        0x4 ./CMSIS/EFM32ZG/system_efm32zg.o
                0x200001c4                SystemCoreClock
 COMMON         0x200001c8      0x940 ./Drivers/displayls013b7dh03.o
                0x200001c8                pixelMatrixPoolBase
 COMMON         0x20000b08       0x10 ./Graphics/dmd_display.o
                0x20000b08                dirtyRows
 COMMON         0x20000b18       0x9c ./src/main.o
                0x20000b18                Fatfs
                0x20000b4c                br
                0x20000b4e                clockString
                0x20000b5c                fsrc
                0x20000b80                resCard
                0x20000b82                bw
                0x20000b84                res
                0x20000b88                gc
                0x20000bb4                . = ALIGN (0x4)
                0x20000bb4                __bss_end__ = .

.heap           0x20000bb8        0x0
                0x20000bb8                __HeapBase = .
                0x20000bb8                __end__ = .
                0x20000bb8                end = __end__
                0x20000bb8                _end = __end__
 *(.heap*)
 .heap          0x20000bb8        0x0 ./CMSIS/EFM32ZG/startup_gcc_efm32zg.o
                0x20000bb8                __HeapLimit = .

.stack_dummy    0x20000bb8      0x400
 *(.stack*)
 .stack         0x20000bb8      0x400 ./CMSIS/EFM32ZG/startup_gcc_efm32zg.o
                0x20001000                __StackTop = (ORIGIN (RAM) + 0x1000)
                0x20000c00                __StackLimit = (__StackTop - SIZEOF (.stack_dummy))
                0x20001000                PROVIDE (__stack, __StackTop)
                0x00000001                ASSERT ((__StackLimit >= __HeapLimit), region RAM overflowed with stack)
                0x00000001                ASSERT ((0x8000 >= (__etext + SIZEOF (.data))), FLASH memory overflowed !)
OUTPUT(STK3200-clock-rtc-rht_sensor-spi_glib_and_sd_card.axf elf32-littlearm)

.ARM.attributes
                0x00000000       0x28
 .ARM.attributes
                0x00000000       0x1e /usr/local/lib64/SimplicityStudio_v4/developer/toolchains/gnu_arm/4.9_2015q3/bin/../lib/gcc/arm-none-eabi/4.9.3/armv6-m/crti.o
 .ARM.attributes
                0x0000001e       0x2c /usr/local/lib64/SimplicityStudio_v4/developer/toolchains/gnu_arm/4.9_2015q3/bin/../lib/gcc/arm-none-eabi/4.9.3/armv6-m/crtbegin.o
 .ARM.attributes
                0x0000004a       0x1b /usr/local/lib64/SimplicityStudio_v4/developer/toolchains/gnu_arm/4.9_2015q3/bin/../lib/gcc/arm-none-eabi/4.9.3/../../../../arm-none-eabi/lib/armv6-m/crt0.o
 .ARM.attributes
                0x00000065       0x1b ./CMSIS/EFM32ZG/startup_gcc_efm32zg.o
 .ARM.attributes
                0x00000080       0x32 ./CMSIS/EFM32ZG/system_efm32zg.o
 .ARM.attributes
                0x000000b2       0x32 ./Drivers/capsense.o
 .ARM.attributes
                0x000000e4       0x32 ./Drivers/display.o
 .ARM.attributes
                0x00000116       0x32 ./Drivers/displayls013b7dh03.o
 .ARM.attributes
                0x00000148       0x32 ./Drivers/displaypalemlib.o
 .ARM.attributes
                0x0000017a       0x32 ./Drivers/i2cspm.o
 .ARM.attributes
                0x000001ac       0x32 ./Drivers/microsd.o
 .ARM.attributes
                0x000001de       0x32 ./Drivers/retargetio.o
 .ARM.attributes
                0x00000210       0x32 ./Drivers/si7013.o
 .ARM.attributes
                0x00000242       0x2b ./Drivers/udelay.o
 .ARM.attributes
                0x0000026d       0x32 ./Graphics/dmd_display.o
 .ARM.attributes
                0x0000029f       0x32 ./Graphics/glib.o
 .ARM.attributes
                0x000002d1       0x32 ./Graphics/glib_font_normal_8x8.o
 .ARM.attributes
                0x00000303       0x32 ./Graphics/glib_font_number_16x20Z_with_extra_chars.o
 .ARM.attributes
                0x00000335       0x32 ./Graphics/glib_line.o
 .ARM.attributes
                0x00000367       0x32 ./Graphics/glib_rectangle.o
 .ARM.attributes
                0x00000399       0x32 ./Graphics/glib_string.o
 .ARM.attributes
                0x000003cb       0x32 ./emlib/em_acmp.o
 .ARM.attributes
                0x000003fd       0x32 ./emlib/em_cmu.o
 .ARM.attributes
                0x0000042f       0x32 ./emlib/em_emu.o
 .ARM.attributes
                0x00000461       0x32 ./emlib/em_gpio.o
 .ARM.attributes
                0x00000493       0x32 ./emlib/em_i2c.o
 .ARM.attributes
                0x000004c5       0x32 ./emlib/em_int.o
 .ARM.attributes
                0x000004f7       0x32 ./emlib/em_prs.o
 .ARM.attributes
                0x00000529       0x32 ./emlib/em_rtc.o
 .ARM.attributes
                0x0000055b       0x32 ./emlib/em_usart.o
 .ARM.attributes
                0x0000058d       0x32 ./src/diskio.o
 .ARM.attributes
                0x000005bf       0x32 ./src/ds3231.o
 .ARM.attributes
                0x000005f1       0x32 ./src/ff.o
 .ARM.attributes
                0x00000623       0x32 ./src/main.o
 .ARM.attributes
                0x00000655       0x1e /usr/local/lib64/SimplicityStudio_v4/developer/toolchains/gnu_arm/4.9_2015q3/bin/../lib/gcc/arm-none-eabi/4.9.3/armv6-m/libgcc.a(_thumb1_case_uqi.o)
 .ARM.attributes
                0x00000673       0x1e /usr/local/lib64/SimplicityStudio_v4/developer/toolchains/gnu_arm/4.9_2015q3/bin/../lib/gcc/arm-none-eabi/4.9.3/armv6-m/libgcc.a(_udivsi3.o)
 .ARM.attributes
                0x00000691       0x1e /usr/local/lib64/SimplicityStudio_v4/developer/toolchains/gnu_arm/4.9_2015q3/bin/../lib/gcc/arm-none-eabi/4.9.3/armv6-m/libgcc.a(_divsi3.o)
 .ARM.attributes
                0x000006af       0x1e /usr/local/lib64/SimplicityStudio_v4/developer/toolchains/gnu_arm/4.9_2015q3/bin/../lib/gcc/arm-none-eabi/4.9.3/armv6-m/libgcc.a(_dvmd_tls.o)
 .ARM.attributes
                0x000006cd       0x1e /usr/local/lib64/SimplicityStudio_v4/developer/toolchains/gnu_arm/4.9_2015q3/bin/../lib/gcc/arm-none-eabi/4.9.3/armv6-m/libgcc.a(_clzsi2.o)
 .ARM.attributes
                0x000006eb       0x2c /usr/local/lib64/SimplicityStudio_v4/developer/toolchains/gnu_arm/4.9_2015q3/bin/../lib/gcc/arm-none-eabi/4.9.3/../../../../arm-none-eabi/lib/armv6-m/libc_nano.a(lib_a-exit.o)
 .ARM.attributes
                0x00000717       0x2c /usr/local/lib64/SimplicityStudio_v4/developer/toolchains/gnu_arm/4.9_2015q3/bin/../lib/gcc/arm-none-eabi/4.9.3/../../../../arm-none-eabi/lib/armv6-m/libc_nano.a(lib_a-findfp.o)
 .ARM.attributes
                0x00000743       0x2c /usr/local/lib64/SimplicityStudio_v4/developer/toolchains/gnu_arm/4.9_2015q3/bin/../lib/gcc/arm-none-eabi/4.9.3/../../../../arm-none-eabi/lib/armv6-m/libc_nano.a(lib_a-impure.o)
 .ARM.attributes
                0x0000076f       0x2c /usr/local/lib64/SimplicityStudio_v4/developer/toolchains/gnu_arm/4.9_2015q3/bin/../lib/gcc/arm-none-eabi/4.9.3/../../../../arm-none-eabi/lib/armv6-m/libc_nano.a(lib_a-init.o)
 .ARM.attributes
                0x0000079b       0x2c /usr/local/lib64/SimplicityStudio_v4/developer/toolchains/gnu_arm/4.9_2015q3/bin/../lib/gcc/arm-none-eabi/4.9.3/../../../../arm-none-eabi/lib/armv6-m/libc_nano.a(lib_a-memcpy.o)
 .ARM.attributes
                0x000007c7       0x2c /usr/local/lib64/SimplicityStudio_v4/developer/toolchains/gnu_arm/4.9_2015q3/bin/../lib/gcc/arm-none-eabi/4.9.3/../../../../arm-none-eabi/lib/armv6-m/libc_nano.a(lib_a-memset.o)
 .ARM.attributes
                0x000007f3       0x2c /usr/local/lib64/SimplicityStudio_v4/developer/toolchains/gnu_arm/4.9_2015q3/bin/../lib/gcc/arm-none-eabi/4.9.3/armv6-m/crtend.o
 .ARM.attributes
                0x0000081f       0x1e /usr/local/lib64/SimplicityStudio_v4/developer/toolchains/gnu_arm/4.9_2015q3/bin/../lib/gcc/arm-none-eabi/4.9.3/armv6-m/crtn.o

.comment        0x00000000       0x70
 .comment       0x00000000       0x70 ./CMSIS/EFM32ZG/system_efm32zg.o
                                 0x71 (size before relaxing)
 .comment       0x00000000       0x71 ./Drivers/capsense.o
 .comment       0x00000000       0x71 ./Drivers/display.o
 .comment       0x00000000       0x71 ./Drivers/displayls013b7dh03.o
 .comment       0x00000000       0x71 ./Drivers/displaypalemlib.o
 .comment       0x00000000       0x71 ./Drivers/i2cspm.o
 .comment       0x00000000       0x71 ./Drivers/microsd.o
 .comment       0x00000000       0x71 ./Drivers/retargetio.o
 .comment       0x00000000       0x71 ./Drivers/si7013.o
 .comment       0x00000000       0x71 ./Drivers/udelay.o
 .comment       0x00000000       0x71 ./Graphics/dmd_display.o
 .comment       0x00000000       0x71 ./Graphics/glib.o
 .comment       0x00000000       0x71 ./Graphics/glib_font_normal_8x8.o
 .comment       0x00000000       0x71 ./Graphics/glib_font_number_16x20Z_with_extra_chars.o
 .comment       0x00000000       0x71 ./Graphics/glib_line.o
 .comment       0x00000000       0x71 ./Graphics/glib_rectangle.o
 .comment       0x00000000       0x71 ./Graphics/glib_string.o
 .comment       0x00000000       0x71 ./emlib/em_acmp.o
 .comment       0x00000000       0x71 ./emlib/em_cmu.o
 .comment       0x00000000       0x71 ./emlib/em_emu.o
 .comment       0x00000000       0x71 ./emlib/em_gpio.o
 .comment       0x00000000       0x71 ./emlib/em_i2c.o
 .comment       0x00000000       0x71 ./emlib/em_int.o
 .comment       0x00000000       0x71 ./emlib/em_prs.o
 .comment       0x00000000       0x71 ./emlib/em_rtc.o
 .comment       0x00000000       0x71 ./emlib/em_usart.o
 .comment       0x00000000       0x71 ./src/diskio.o
 .comment       0x00000000       0x71 ./src/ds3231.o
 .comment       0x00000000       0x71 ./src/ff.o
 .comment       0x00000000       0x71 ./src/main.o

.debug_line     0x00000000     0x7585
 .debug_line    0x00000000       0x74 ./CMSIS/EFM32ZG/startup_gcc_efm32zg.o
 .debug_line    0x00000074      0x287 ./CMSIS/EFM32ZG/system_efm32zg.o
 .debug_line    0x000002fb      0x419 ./Drivers/capsense.o
 .debug_line    0x00000714      0x267 ./Drivers/display.o
 .debug_line    0x0000097b      0x331 ./Drivers/displayls013b7dh03.o
 .debug_line    0x00000cac      0x4d7 ./Drivers/displaypalemlib.o
 .debug_line    0x00001183      0x307 ./Drivers/i2cspm.o
 .debug_line    0x0000148a      0x4a5 ./Drivers/microsd.o
 .debug_line    0x0000192f      0x394 ./Drivers/retargetio.o
 .debug_line    0x00001cc3      0x394 ./Drivers/si7013.o
 .debug_line    0x00002057      0x3c7 ./Drivers/udelay.o
 .debug_line    0x0000241e      0x56e ./Graphics/dmd_display.o
 .debug_line    0x0000298c      0x384 ./Graphics/glib.o
 .debug_line    0x00002d10      0x194 ./Graphics/glib_font_normal_8x8.o
 .debug_line    0x00002ea4      0x1a8 ./Graphics/glib_font_number_16x20Z_with_extra_chars.o
 .debug_line    0x0000304c      0x39d ./Graphics/glib_line.o
 .debug_line    0x000033e9      0x2ce ./Graphics/glib_rectangle.o
 .debug_line    0x000036b7      0x307 ./Graphics/glib_string.o
 .debug_line    0x000039be      0x347 ./emlib/em_acmp.o
 .debug_line    0x00003d05      0x85f ./emlib/em_cmu.o
 .debug_line    0x00004564      0x404 ./emlib/em_emu.o
 .debug_line    0x00004968      0x348 ./emlib/em_gpio.o
 .debug_line    0x00004cb0      0x3d4 ./emlib/em_i2c.o
 .debug_line    0x00005084      0x125 ./emlib/em_int.o
 .debug_line    0x000051a9      0x232 ./emlib/em_prs.o
 .debug_line    0x000053db      0x2c2 ./emlib/em_rtc.o
 .debug_line    0x0000569d      0x4a6 ./emlib/em_usart.o
 .debug_line    0x00005b43      0x2ef ./src/diskio.o
 .debug_line    0x00005e32      0x300 ./src/ds3231.o
 .debug_line    0x00006132      0xd7e ./src/ff.o
 .debug_line    0x00006eb0      0x6d5 ./src/main.o

.debug_info     0x00000000    0x146b7
 .debug_info    0x00000000       0xce ./CMSIS/EFM32ZG/startup_gcc_efm32zg.o
 .debug_info    0x000000ce      0x46b ./CMSIS/EFM32ZG/system_efm32zg.o
 .debug_info    0x00000539      0xdd3 ./Drivers/capsense.o
 .debug_info    0x0000130c      0x4b2 ./Drivers/display.o
 .debug_info    0x000017be      0xaa4 ./Drivers/displayls013b7dh03.o
 .debug_info    0x00002262     0x115f ./Drivers/displaypalemlib.o
 .debug_info    0x000033c1      0x97b ./Drivers/i2cspm.o
 .debug_info    0x00003d3c      0xe7d ./Drivers/microsd.o
 .debug_info    0x00004bb9      0xe7f ./Drivers/retargetio.o
 .debug_info    0x00005a38      0x971 ./Drivers/si7013.o
 .debug_info    0x000063a9      0xd4c ./Drivers/udelay.o
 .debug_info    0x000070f5      0xc22 ./Graphics/dmd_display.o
 .debug_info    0x00007d17      0xb0a ./Graphics/glib.o
 .debug_info    0x00008821      0x19e ./Graphics/glib_font_normal_8x8.o
 .debug_info    0x000089bf      0x19e ./Graphics/glib_font_number_16x20Z_with_extra_chars.o
 .debug_info    0x00008b5d      0x948 ./Graphics/glib_line.o
 .debug_info    0x000094a5      0x652 ./Graphics/glib_rectangle.o
 .debug_info    0x00009af7      0x6e9 ./Graphics/glib_string.o
 .debug_info    0x0000a1e0      0x6e7 ./emlib/em_acmp.o
 .debug_info    0x0000a8c7     0x16e5 ./emlib/em_cmu.o
 .debug_info    0x0000bfac      0x64b ./emlib/em_emu.o
 .debug_info    0x0000c5f7      0x7a1 ./emlib/em_gpio.o
 .debug_info    0x0000cd98      0x984 ./emlib/em_i2c.o
 .debug_info    0x0000d71c       0xaf ./emlib/em_int.o
 .debug_info    0x0000d7cb      0x216 ./emlib/em_prs.o
 .debug_info    0x0000d9e1      0x371 ./emlib/em_rtc.o
 .debug_info    0x0000dd52      0xf1c ./emlib/em_usart.o
 .debug_info    0x0000ec6e      0x821 ./src/diskio.o
 .debug_info    0x0000f48f      0x53c ./src/ds3231.o
 .debug_info    0x0000f9cb     0x2fd3 ./src/ff.o
 .debug_info    0x0001299e     0x1d19 ./src/main.o

.debug_abbrev   0x00000000     0x444b
 .debug_abbrev  0x00000000       0x14 ./CMSIS/EFM32ZG/startup_gcc_efm32zg.o
 .debug_abbrev  0x00000014      0x193 ./CMSIS/EFM32ZG/system_efm32zg.o
 .debug_abbrev  0x000001a7      0x2b2 ./Drivers/capsense.o
 .debug_abbrev  0x00000459      0x158 ./Drivers/display.o
 .debug_abbrev  0x000005b1      0x2b6 ./Drivers/displayls013b7dh03.o
 .debug_abbrev  0x00000867      0x33f ./Drivers/displaypalemlib.o
 .debug_abbrev  0x00000ba6      0x228 ./Drivers/i2cspm.o
 .debug_abbrev  0x00000dce      0x2a5 ./Drivers/microsd.o
 .debug_abbrev  0x00001073      0x2ea ./Drivers/retargetio.o
 .debug_abbrev  0x0000135d      0x2af ./Drivers/si7013.o
 .debug_abbrev  0x0000160c      0x307 ./Drivers/udelay.o
 .debug_abbrev  0x00001913      0x2ed ./Graphics/dmd_display.o
 .debug_abbrev  0x00001c00      0x28d ./Graphics/glib.o
 .debug_abbrev  0x00001e8d       0xa9 ./Graphics/glib_font_normal_8x8.o
 .debug_abbrev  0x00001f36       0xa9 ./Graphics/glib_font_number_16x20Z_with_extra_chars.o
 .debug_abbrev  0x00001fdf      0x238 ./Graphics/glib_line.o
 .debug_abbrev  0x00002217      0x196 ./Graphics/glib_rectangle.o
 .debug_abbrev  0x000023ad      0x1d6 ./Graphics/glib_string.o
 .debug_abbrev  0x00002583      0x226 ./emlib/em_acmp.o
 .debug_abbrev  0x000027a9      0x40b ./emlib/em_cmu.o
 .debug_abbrev  0x00002bb4      0x20c ./emlib/em_emu.o
 .debug_abbrev  0x00002dc0      0x2dc ./emlib/em_gpio.o
 .debug_abbrev  0x0000309c      0x31e ./emlib/em_i2c.o
 .debug_abbrev  0x000033ba       0x44 ./emlib/em_int.o
 .debug_abbrev  0x000033fe       0xe3 ./emlib/em_prs.o
 .debug_abbrev  0x000034e1      0x1eb ./emlib/em_rtc.o
 .debug_abbrev  0x000036cc      0x2a3 ./emlib/em_usart.o
 .debug_abbrev  0x0000396f      0x181 ./src/diskio.o
 .debug_abbrev  0x00003af0      0x1b4 ./src/ds3231.o
 .debug_abbrev  0x00003ca4      0x338 ./src/ff.o
 .debug_abbrev  0x00003fdc      0x46f ./src/main.o

.debug_aranges  0x00000000      0xb20
 .debug_aranges
                0x00000000       0x20 ./CMSIS/EFM32ZG/startup_gcc_efm32zg.o
 .debug_aranges
                0x00000020       0x68 ./CMSIS/EFM32ZG/system_efm32zg.o
 .debug_aranges
                0x00000088       0x50 ./Drivers/capsense.o
 .debug_aranges
                0x000000d8       0x38 ./Drivers/display.o
 .debug_aranges
                0x00000110       0x58 ./Drivers/displayls013b7dh03.o
 .debug_aranges
                0x00000168       0x80 ./Drivers/displaypalemlib.o
 .debug_aranges
                0x000001e8       0x28 ./Drivers/i2cspm.o
 .debug_aranges
                0x00000210       0x90 ./Drivers/microsd.o
 .debug_aranges
                0x000002a0       0x68 ./Drivers/retargetio.o
 .debug_aranges
                0x00000308       0x58 ./Drivers/si7013.o
 .debug_aranges
                0x00000360       0x28 ./Drivers/udelay.o
 .debug_aranges
                0x00000388       0x88 ./Graphics/dmd_display.o
 .debug_aranges
                0x00000410       0x78 ./Graphics/glib.o
 .debug_aranges
                0x00000488       0x18 ./Graphics/glib_font_normal_8x8.o
 .debug_aranges
                0x000004a0       0x18 ./Graphics/glib_font_number_16x20Z_with_extra_chars.o
 .debug_aranges
                0x000004b8       0x38 ./Graphics/glib_line.o
 .debug_aranges
                0x000004f0       0x38 ./Graphics/glib_rectangle.o
 .debug_aranges
                0x00000528       0x30 ./Graphics/glib_string.o
 .debug_aranges
                0x00000558       0x58 ./emlib/em_acmp.o
 .debug_aranges
                0x000005b0      0x108 ./emlib/em_cmu.o
 .debug_aranges
                0x000006b8       0x50 ./emlib/em_emu.o
 .debug_aranges
                0x00000708       0x48 ./emlib/em_gpio.o
 .debug_aranges
                0x00000750       0x50 ./emlib/em_i2c.o
 .debug_aranges
                0x000007a0       0x18 ./emlib/em_int.o
 .debug_aranges
                0x000007b8       0x28 ./emlib/em_prs.o
 .debug_aranges
                0x000007e0       0x50 ./emlib/em_rtc.o
 .debug_aranges
                0x00000830       0xb8 ./emlib/em_usart.o
 .debug_aranges
                0x000008e8       0x40 ./src/diskio.o
 .debug_aranges
                0x00000928       0x38 ./src/ds3231.o
 .debug_aranges
                0x00000960      0x160 ./src/ff.o
 .debug_aranges
                0x00000ac0       0x60 ./src/main.o

.debug_loc      0x00000000     0xbf5c
 .debug_loc     0x00000000      0x104 ./CMSIS/EFM32ZG/system_efm32zg.o
 .debug_loc     0x00000104      0x28f ./Drivers/capsense.o
 .debug_loc     0x00000393      0x250 ./Drivers/display.o
 .debug_loc     0x000005e3      0x5d3 ./Drivers/displayls013b7dh03.o
 .debug_loc     0x00000bb6      0x43c ./Drivers/displaypalemlib.o
 .debug_loc     0x00000ff2      0x1dd ./Drivers/i2cspm.o
 .debug_loc     0x000011cf      0x4ed ./Drivers/microsd.o
 .debug_loc     0x000016bc      0x37a ./Drivers/retargetio.o
 .debug_loc     0x00001a36      0x62e ./Drivers/si7013.o
 .debug_loc     0x00002064      0x2fb ./Drivers/udelay.o
 .debug_loc     0x0000235f      0xcf3 ./Graphics/dmd_display.o
 .debug_loc     0x00003052      0x8da ./Graphics/glib.o
 .debug_loc     0x0000392c      0x842 ./Graphics/glib_line.o
 .debug_loc     0x0000416e      0x589 ./Graphics/glib_rectangle.o
 .debug_loc     0x000046f7      0x525 ./Graphics/glib_string.o
 .debug_loc     0x00004c1c      0x21f ./emlib/em_acmp.o
 .debug_loc     0x00004e3b     0x1474 ./emlib/em_cmu.o
 .debug_loc     0x000062af      0x178 ./emlib/em_emu.o
 .debug_loc     0x00006427      0x392 ./emlib/em_gpio.o
 .debug_loc     0x000067b9      0x602 ./emlib/em_i2c.o
 .debug_loc     0x00006dbb      0x121 ./emlib/em_prs.o
 .debug_loc     0x00006edc      0x10c ./emlib/em_rtc.o
 .debug_loc     0x00006fe8      0x6c4 ./emlib/em_usart.o
 .debug_loc     0x000076ac      0x5c2 ./src/diskio.o
 .debug_loc     0x00007c6e      0x221 ./src/ds3231.o
 .debug_loc     0x00007e8f     0x3d35 ./src/ff.o
 .debug_loc     0x0000bbc4      0x398 ./src/main.o

.debug_ranges   0x00000000      0xe98
 .debug_ranges  0x00000000       0x70 ./CMSIS/EFM32ZG/system_efm32zg.o
 .debug_ranges  0x00000070       0x58 ./Drivers/capsense.o
 .debug_ranges  0x000000c8       0x28 ./Drivers/display.o
 .debug_ranges  0x000000f0       0x48 ./Drivers/displayls013b7dh03.o
 .debug_ranges  0x00000138       0xd8 ./Drivers/displaypalemlib.o
 .debug_ranges  0x00000210       0x48 ./Drivers/i2cspm.o
 .debug_ranges  0x00000258       0x80 ./Drivers/microsd.o
 .debug_ranges  0x000002d8       0x58 ./Drivers/retargetio.o
 .debug_ranges  0x00000330       0x88 ./Drivers/si7013.o
 .debug_ranges  0x000003b8       0x38 ./Drivers/udelay.o
 .debug_ranges  0x000003f0       0x90 ./Graphics/dmd_display.o
 .debug_ranges  0x00000480       0x80 ./Graphics/glib.o
 .debug_ranges  0x00000500       0x48 ./Graphics/glib_line.o
 .debug_ranges  0x00000548       0x28 ./Graphics/glib_rectangle.o
 .debug_ranges  0x00000570       0x38 ./Graphics/glib_string.o
 .debug_ranges  0x000005a8       0xb8 ./emlib/em_acmp.o
 .debug_ranges  0x00000660      0x238 ./emlib/em_cmu.o
 .debug_ranges  0x00000898       0x70 ./emlib/em_emu.o
 .debug_ranges  0x00000908      0x100 ./emlib/em_gpio.o
 .debug_ranges  0x00000a08       0x98 ./emlib/em_i2c.o
 .debug_ranges  0x00000aa0       0x18 ./emlib/em_prs.o
 .debug_ranges  0x00000ab8       0x58 ./emlib/em_rtc.o
 .debug_ranges  0x00000b10       0xc8 ./emlib/em_usart.o
 .debug_ranges  0x00000bd8       0x30 ./src/diskio.o
 .debug_ranges  0x00000c08       0x28 ./src/ds3231.o
 .debug_ranges  0x00000c30      0x188 ./src/ff.o
 .debug_ranges  0x00000db8       0xe0 ./src/main.o

.debug_str      0x00000000     0x4292
 .debug_str     0x00000000      0x3b5 ./CMSIS/EFM32ZG/system_efm32zg.o
                                0x419 (size before relaxing)
 .debug_str     0x000003b5      0x7da ./Drivers/capsense.o
                                0xafd (size before relaxing)
 .debug_str     0x00000b8f      0x2ac ./Drivers/display.o
                                0x499 (size before relaxing)
 .debug_str     0x00000e3b      0x1a5 ./Drivers/displayls013b7dh03.o
                                0x5d5 (size before relaxing)
 .debug_str     0x00000fe0      0x802 ./Drivers/displaypalemlib.o
                                0xcc8 (size before relaxing)
 .debug_str     0x000017e2      0x217 ./Drivers/i2cspm.o
                                0x890 (size before relaxing)
 .debug_str     0x000019f9      0x17f ./Drivers/microsd.o
                                0xa81 (size before relaxing)
 .debug_str     0x00001b78      0x4fa ./Drivers/retargetio.o
                                0x778 (size before relaxing)
 .debug_str     0x00002072      0x147 ./Drivers/si7013.o
                                0x4a8 (size before relaxing)
 .debug_str     0x000021b9      0x1f4 ./Drivers/udelay.o
                                0x92b (size before relaxing)
 .debug_str     0x000023ad      0x2a2 ./Graphics/dmd_display.o
                                0x6b2 (size before relaxing)
 .debug_str     0x0000264f      0x27c ./Graphics/glib.o
                                0x5d9 (size before relaxing)
 .debug_str     0x000028cb       0x4f ./Graphics/glib_font_normal_8x8.o
                                0x30c (size before relaxing)
 .debug_str     0x0000291a       0x67 ./Graphics/glib_font_number_16x20Z_with_extra_chars.o
                                0x324 (size before relaxing)
 .debug_str     0x00002981       0xc0 ./Graphics/glib_line.o
                                0x516 (size before relaxing)
 .debug_str     0x00002a41       0x5f ./Graphics/glib_rectangle.o
                                0x4f3 (size before relaxing)
 .debug_str     0x00002aa0       0xbb ./Graphics/glib_string.o
                                0x4ec (size before relaxing)
 .debug_str     0x00002b5b       0xda ./emlib/em_acmp.o
                                0x63f (size before relaxing)
 .debug_str     0x00002c35      0x577 ./emlib/em_cmu.o
                                0xc7f (size before relaxing)
 .debug_str     0x000031ac      0x10b ./emlib/em_emu.o
                                0x472 (size before relaxing)
 .debug_str     0x000032b7      0x121 ./emlib/em_gpio.o
                                0x608 (size before relaxing)
 .debug_str     0x000033d8      0x19f ./emlib/em_i2c.o
                                0x738 (size before relaxing)
 .debug_str     0x00003577       0x12 ./emlib/em_int.o
                                0x212 (size before relaxing)
 .debug_str     0x00003589       0x69 ./emlib/em_prs.o
                                0x2c4 (size before relaxing)
 .debug_str     0x000035f2       0x38 ./emlib/em_rtc.o
                                0x2ee (size before relaxing)
 .debug_str     0x0000362a      0x538 ./emlib/em_usart.o
                                0xc45 (size before relaxing)
 .debug_str     0x00003b62       0xa6 ./src/diskio.o
                                0x3be (size before relaxing)
 .debug_str     0x00003c08       0x5e ./src/ds3231.o
                                0x3c3 (size before relaxing)
 .debug_str     0x00003c66      0x493 ./src/ff.o
                                0x785 (size before relaxing)
 .debug_str     0x000040f9      0x199 ./src/main.o
                               0x11b0 (size before relaxing)

.debug_frame    0x00000000     0x1cf0
 .debug_frame   0x00000000       0xc8 ./CMSIS/EFM32ZG/system_efm32zg.o
 .debug_frame   0x000000c8       0xac ./Drivers/capsense.o
 .debug_frame   0x00000174       0x74 ./Drivers/display.o
 .debug_frame   0x000001e8       0xe0 ./Drivers/displayls013b7dh03.o
 .debug_frame   0x000002c8      0x138 ./Drivers/displaypalemlib.o
 .debug_frame   0x00000400       0x50 ./Drivers/i2cspm.o
 .debug_frame   0x00000450      0x184 ./Drivers/microsd.o
 .debug_frame   0x000005d4       0xd4 ./Drivers/retargetio.o
 .debug_frame   0x000006a8       0xfc ./Drivers/si7013.o
 .debug_frame   0x000007a4       0x40 ./Drivers/udelay.o
 .debug_frame   0x000007e4      0x178 ./Graphics/dmd_display.o
 .debug_frame   0x0000095c      0x160 ./Graphics/glib.o
 .debug_frame   0x00000abc       0x88 ./Graphics/glib_line.o
 .debug_frame   0x00000b44       0x7c ./Graphics/glib_rectangle.o
 .debug_frame   0x00000bc0       0x68 ./Graphics/glib_string.o
 .debug_frame   0x00000c28       0xb8 ./emlib/em_acmp.o
 .debug_frame   0x00000ce0      0x29c ./emlib/em_cmu.o
 .debug_frame   0x00000f7c       0xa0 ./emlib/em_emu.o
 .debug_frame   0x0000101c       0x94 ./emlib/em_gpio.o
 .debug_frame   0x000010b0       0xb8 ./emlib/em_i2c.o
 .debug_frame   0x00001168       0x38 ./emlib/em_prs.o
 .debug_frame   0x000011a0       0x88 ./emlib/em_rtc.o
 .debug_frame   0x00001228      0x1b4 ./emlib/em_usart.o
 .debug_frame   0x000013dc       0xa0 ./src/diskio.o
 .debug_frame   0x0000147c       0x88 ./src/ds3231.o
 .debug_frame   0x00001504      0x4c4 ./src/ff.o
 .debug_frame   0x000019c8      0x10c ./src/main.o
 .debug_frame   0x00001ad4       0x20 /usr/local/lib64/SimplicityStudio_v4/developer/toolchains/gnu_arm/4.9_2015q3/bin/../lib/gcc/arm-none-eabi/4.9.3/armv6-m/libgcc.a(_udivsi3.o)
 .debug_frame   0x00001af4       0x20 /usr/local/lib64/SimplicityStudio_v4/developer/toolchains/gnu_arm/4.9_2015q3/bin/../lib/gcc/arm-none-eabi/4.9.3/armv6-m/libgcc.a(_divsi3.o)
 .debug_frame   0x00001b14       0x28 /usr/local/lib64/SimplicityStudio_v4/developer/toolchains/gnu_arm/4.9_2015q3/bin/../lib/gcc/arm-none-eabi/4.9.3/../../../../arm-none-eabi/lib/armv6-m/libc_nano.a(lib_a-exit.o)
 .debug_frame   0x00001b3c      0x140 /usr/local/lib64/SimplicityStudio_v4/developer/toolchains/gnu_arm/4.9_2015q3/bin/../lib/gcc/arm-none-eabi/4.9.3/../../../../arm-none-eabi/lib/armv6-m/libc_nano.a(lib_a-findfp.o)
 .debug_frame   0x00001c7c       0x2c /usr/local/lib64/SimplicityStudio_v4/developer/toolchains/gnu_arm/4.9_2015q3/bin/../lib/gcc/arm-none-eabi/4.9.3/../../../../arm-none-eabi/lib/armv6-m/libc_nano.a(lib_a-init.o)
 .debug_frame   0x00001ca8       0x28 /usr/local/lib64/SimplicityStudio_v4/developer/toolchains/gnu_arm/4.9_2015q3/bin/../lib/gcc/arm-none-eabi/4.9.3/../../../../arm-none-eabi/lib/armv6-m/libc_nano.a(lib_a-memcpy.o)
 .debug_frame   0x00001cd0       0x20 /usr/local/lib64/SimplicityStudio_v4/developer/toolchains/gnu_arm/4.9_2015q3/bin/../lib/gcc/arm-none-eabi/4.9.3/../../../../arm-none-eabi/lib/armv6-m/libc_nano.a(lib_a-memset.o)
